// Jest Snapshot v1, https://goo.gl/fbAQLP

exports[`Pruebas en <FirstApp /> Debe de hacer match con el snapshot 1`] = `
<div>
  <h2>
    Hola mundo
  </h2>
  <h1
    data-testid="test-title"
  >
    Aqui el titulo
  </h1>
  <h4>
    No hay subtitulo
  </h4>
  <h4>
    No hay subtitulo
  </h4>
  <p>
    Primer componente
  </p>
</div>
`;
